// Jest Snapshot v1, https://goo.gl/fbAQLP

exports[`<Card /> renders UI as expected 1`] = `
<div
  className="card"
>
  <img
    alt="profile pic"
    src="https://source.unsplash.com/mx0DEnfYxic/300x300"
  />
  <div
    className="card-content"
  >
    <h3>
      STEVE
    </h3>
    <p>
      Age: 
      5
    </p>
    <p />
  </div>
</div>
`;

exports[`<Card /> renders UI as expected when passed props 1`] = `
<div
  className="card"
>
  <img
    alt="profile pic"
    src="https://source.unsplash.com/mx0DEnfYxic/300x300"
  />
  <div
    className="card-content"
  >
    <h3>
      STEVE
    </h3>
    <p>
      Age: 
      5
    </p>
    <p />
  </div>
</div>
`;
